// Jest Snapshot v1, https://goo.gl/fbAQLP

exports[`Container должен рендериться 1`] = `ShallowWrapper {}`;
